// Jest Snapshot v1, https://goo.gl/fbAQLP

exports[`should have a email and password field also a submit button 1`] = `[Function]`;
